OPENCRYPTOKI_TOK_3.27 {
    global:
        SC_CancelFunction;
        SC_CloseAllSessions;
        SC_CloseSession;
        SC_CopyObject;
        SC_CreateObject;
        SC_Decrypt;
        SC_DecryptDigestUpdate;
        SC_DecryptFinal;
        SC_DecryptInit;
        SC_DecryptUpdate;
        SC_DecryptVerifyUpdate;
        SC_DeriveKey;
        SC_DestroyObject;
        SC_Digest;
        SC_DigestEncryptUpdate;
        SC_DigestFinal;
        SC_DigestInit;
        SC_DigestKey;
        SC_DigestUpdate;
        SC_Encrypt;
        SC_EncryptFinal;
        SC_EncryptInit;
        SC_EncryptUpdate;
        SC_Finalize;
        SC_FindObjects;
        SC_FindObjectsFinal;
        SC_FindObjectsInit;
        SC_GenerateKey;
        SC_GenerateKeyPair;
        SC_GenerateRandom;
        SC_GetAttributeValue;
        SC_GetFunctionStatus;
        SC_GetMechanismInfo;
        SC_GetMechanismList;
        SC_GetObjectSize;
        SC_GetOperationState;
        SC_GetSessionInfo;
        SC_GetTokenInfo;
        SC_InitPIN;
        SC_InitToken;
        SC_Login;
        SC_Logout;
        SC_OpenSession;
        SC_SeedRandom;
        SC_SetAttributeValue;
        SC_SetFunctionList;
        SC_SetOperationState;
        SC_SetPIN;
        SC_Sign;
        SC_SignEncryptUpdate;
        SC_SignFinal;
        SC_SignInit;
        SC_SignRecover;
        SC_SignRecoverInit;
        SC_SignUpdate;
        SC_UnwrapKey;
        SC_Verify;
        SC_VerifyFinal;
        SC_VerifyInit;
        SC_VerifyRecover;
        SC_VerifyRecoverInit;
        SC_VerifyUpdate;
        SC_WaitForSlotEvent;
        SC_WrapKey;
        SC_IBM_ReencryptSingle;
        SC_SessionCancel;
        SC_EncapsulateKey;
        SC_DecapsulateKey;
        SC_VerifySignatureInit;
        SC_VerifySignature;
        SC_VerifySignatureUpdate;
        SC_VerifySignatureFinal;
        ST_Initialize;

        /* Standalone PKCS#11 provider facade (mode 2): App dlopen's this .so
         * and dlsym's these C_* directly (ncmp_p11.c). Coexists with the SC_*/
         * ST_Initialize STDLL surface above (mode 1 via libopencryptoki). */
        C_Initialize;
        C_Finalize;
        C_GetInfo;
        C_GetFunctionList;
        C_GetInterfaceList;
        C_GetInterface;
        C_GetSlotList;
        C_GetSlotInfo;
        C_GetTokenInfo;
        C_GetMechanismList;
        C_GetMechanismInfo;
        C_InitToken;
        C_InitPIN;
        C_SetPIN;
        C_OpenSession;
        C_CloseSession;
        C_CloseAllSessions;
        C_GetSessionInfo;
        C_GetOperationState;
        C_SetOperationState;
        C_Login;
        C_Logout;
        C_CreateObject;
        C_CopyObject;
        C_DestroyObject;
        C_GetObjectSize;
        C_GetAttributeValue;
        C_SetAttributeValue;
        C_FindObjectsInit;
        C_FindObjects;
        C_FindObjectsFinal;
        C_EncryptInit;
        C_Encrypt;
        C_EncryptUpdate;
        C_EncryptFinal;
        C_DecryptInit;
        C_Decrypt;
        C_DecryptUpdate;
        C_DecryptFinal;
        C_DigestInit;
        C_Digest;
        C_DigestUpdate;
        C_DigestKey;
        C_DigestFinal;
        C_SignInit;
        C_Sign;
        C_SignUpdate;
        C_SignFinal;
        C_SignRecoverInit;
        C_SignRecover;
        C_VerifyInit;
        C_Verify;
        C_VerifyUpdate;
        C_VerifyFinal;
        C_VerifyRecoverInit;
        C_VerifyRecover;
        C_DigestEncryptUpdate;
        C_DecryptDigestUpdate;
        C_SignEncryptUpdate;
        C_DecryptVerifyUpdate;
        C_GenerateKey;
        C_GenerateKeyPair;
        C_WrapKey;
        C_UnwrapKey;
        C_DeriveKey;
        C_SeedRandom;
        C_GenerateRandom;
        C_GetFunctionStatus;
        C_CancelFunction;
        C_WaitForSlotEvent;
    local: *;
};
